1342 objects, 1.75 GB -> data\sen1floods11
  50/1342  0.08 GB  6.1 MB/s
  100/1342  0.16 GB  6.5 MB/s
  150/1342  0.24 GB  6.7 MB/s
  200/1342  0.33 GB  6.9 MB/s
  250/1342  0.41 GB  7.0 MB/s
  300/1342  0.50 GB  7.2 MB/s
  350/1342  0.58 GB  7.0 MB/s
  400/1342  0.66 GB  7.0 MB/s
  450/1342  0.73 GB  6.9 MB/s
  500/1342  0.84 GB  6.9 MB/s
  550/1342  0.96 GB  6.8 MB/s
  600/1342  1.07 GB  6.8 MB/s
  650/1342  1.19 GB  6.7 MB/s
  700/1342  1.30 GB  6.7 MB/s
  750/1342  1.42 GB  6.8 MB/s
  800/1342  1.54 GB  6.8 MB/s
  850/1342  1.65 GB  6.7 MB/s
  900/1342  1.74 GB  6.7 MB/s
  950/1342  1.75 GB  6.7 MB/s
  1000/1342  1.75 GB  6.6 MB/s
  1050/1342  1.75 GB  6.5 MB/s
  1100/1342  1.75 GB  6.4 MB/s
  1150/1342  1.75 GB  6.4 MB/s
  1200/1342  1.75 GB  6.3 MB/s
  1250/1342  1.75 GB  6.3 MB/s
  1300/1342  1.75 GB  6.2 MB/s
  1342/1342  1.75 GB  6.2 MB/s
S1Hand: 446 chips
S2Hand: 446 chips
LabelHand: 446 chips
done in 4.7 min (0 files already present)
